{
  "version": "1.5.0",
  "plugins_used": [
    {
      "name": "ArtifactoryDetector"
    },
    {
      "name": "AWSKeyDetector"
    },
    {
      "name": "AzureStorageKeyDetector"
    },
    {
      "name": "Base64HighEntropyString",
      "limit": 4.5
    },
    {
      "name": "BasicAuthDetector"
    },
    {
      "name": "CloudantDetector"
    },
    {
      "name": "DiscordBotTokenDetector"
    },
    {
      "name": "GitHubTokenDetector"
    },
    {
      "name": "GitLabTokenDetector"
    },
    {
      "name": "HexHighEntropyString",
      "limit": 3.0
    },
    {
      "name": "IbmCloudIamDetector"
    },
    {
      "name": "IbmCosHmacDetector"
    },
    {
      "name": "IPPublicDetector"
    },
    {
      "name": "JwtTokenDetector"
    },
    {
      "name": "KeywordDetector",
      "keyword_exclude": ""
    },
    {
      "name": "MailchimpDetector"
    },
    {
      "name": "NpmDetector"
    },
    {
      "name": "OpenAIDetector"
    },
    {
      "name": "PrivateKeyDetector"
    },
    {
      "name": "PypiTokenDetector"
    },
    {
      "name": "SendGridDetector"
    },
    {
      "name": "SlackDetector"
    },
    {
      "name": "SoftlayerDetector"
    },
    {
      "name": "SquareOAuthDetector"
    },
    {
      "name": "StripeDetector"
    },
    {
      "name": "TelegramBotTokenDetector"
    },
    {
      "name": "TwilioKeyDetector"
    }
  ],
  "filters_used": [
    {
      "path": "detect_secrets.filters.allowlist.is_line_allowlisted"
    },
    {
      "path": "detect_secrets.filters.common.is_baseline_file",
      "filename": ".secrets.baseline"
    },
    {
      "path": "detect_secrets.filters.common.is_ignored_due_to_verification_policies",
      "min_level": 2
    },
    {
      "path": "detect_secrets.filters.heuristic.is_indirect_reference"
    },
    {
      "path": "detect_secrets.filters.heuristic.is_likely_id_string"
    },
    {
      "path": "detect_secrets.filters.heuristic.is_lock_file"
    },
    {
      "path": "detect_secrets.filters.heuristic.is_not_alphanumeric_string"
    },
    {
      "path": "detect_secrets.filters.heuristic.is_potential_uuid"
    },
    {
      "path": "detect_secrets.filters.heuristic.is_prefixed_with_dollar_sign"
    },
    {
      "path": "detect_secrets.filters.heuristic.is_sequential_string"
    },
    {
      "path": "detect_secrets.filters.heuristic.is_swagger_file"
    },
    {
      "path": "detect_secrets.filters.heuristic.is_templated_secret"
    },
    {
      "path": "detect_secrets.filters.regex.should_exclude_file",
      "pattern": [
        ".*\\.lock|.*\\.sum|gradle/wrapper/.*|fastlane/metadata/.*|\\.git/.*"
      ]
    }
  ],
  "results": {
    "app/src/main/res/raw/aboutlibraries.json": [
      {
        "type": "Hex High Entropy String",
        "filename": "app/src/main/res/raw/aboutlibraries.json",
        "hashed_secret": "6cc48922c5465df61f497cbfe8e980fc1b33cfe6",
        "is_verified": false,
        "line_number": 1
      },
      {
        "type": "Hex High Entropy String",
        "filename": "app/src/main/res/raw/aboutlibraries.json",
        "hashed_secret": "ad2bc080c9769183b461675484388bae4d9a7443",
        "is_verified": false,
        "line_number": 1
      }
    ],
    "app/src/test/java/io/theficos/ereader/ui/catalogdetail/CatalogDetailViewModelTest.kt": [
      {
        "type": "Hex High Entropy String",
        "filename": "app/src/test/java/io/theficos/ereader/ui/catalogdetail/CatalogDetailViewModelTest.kt",
        "hashed_secret": "0d2217edc9f69776a7651f1256d244273845bc03",
        "is_verified": false,
        "line_number": 303
      }
    ],
    "app/src/test/java/io/theficos/ereader/ui/settings/SettingsViewModelTest.kt": [
      {
        "type": "Secret Keyword",
        "filename": "app/src/test/java/io/theficos/ereader/ui/settings/SettingsViewModelTest.kt",
        "hashed_secret": "1a91d62f7ca67399625a4368a6ab5d4a3baa6073",
        "is_verified": false,
        "line_number": 86
      }
    ],
    "auth/src/main/java/io/theficos/ereader/auth/CalibreCredentialStore.kt": [
      {
        "type": "Secret Keyword",
        "filename": "auth/src/main/java/io/theficos/ereader/auth/CalibreCredentialStore.kt",
        "hashed_secret": "5baa61e4c9b93f3f0682250b6cf8331b7ee68fd8",
        "is_verified": false,
        "line_number": 393
      }
    ],
    "auth/src/test/java/io/theficos/ereader/auth/AccountCredentialsTest.kt": [
      {
        "type": "Secret Keyword",
        "filename": "auth/src/test/java/io/theficos/ereader/auth/AccountCredentialsTest.kt",
        "hashed_secret": "f3bbbd66a63d4bf1747940578ec3d0103530e21d",
        "is_verified": false,
        "line_number": 41
      }
    ],
    "auth/src/test/java/io/theficos/ereader/auth/CalibreCredentialStoreTest.kt": [
      {
        "type": "Secret Keyword",
        "filename": "auth/src/test/java/io/theficos/ereader/auth/CalibreCredentialStoreTest.kt",
        "hashed_secret": "fef341f85d87439e7d91a2d465b9871ef66b5e98",
        "is_verified": false,
        "line_number": 214
      }
    ],
    "core/identity/src/test/resources/identity/fixtures.json": [
      {
        "type": "Hex High Entropy String",
        "filename": "core/identity/src/test/resources/identity/fixtures.json",
        "hashed_secret": "c377074d6473f35a91001981355da793dc808ffd",
        "is_verified": false,
        "line_number": 3
      }
    ],
    "data/local/schemas/io.theficos.ereader.data.local.db.EReaderDatabase/1.json": [
      {
        "type": "Hex High Entropy String",
        "filename": "data/local/schemas/io.theficos.ereader.data.local.db.EReaderDatabase/1.json",
        "hashed_secret": "03ca331dc11a02f61ce431a7b1d5cc82bf6d22ed",
        "is_verified": false,
        "line_number": 5
      }
    ],
    "data/local/schemas/io.theficos.ereader.data.local.db.EReaderDatabase/2.json": [
      {
        "type": "Hex High Entropy String",
        "filename": "data/local/schemas/io.theficos.ereader.data.local.db.EReaderDatabase/2.json",
        "hashed_secret": "8b7b85cb342bb1360fc5d186ef534495d0613afe",
        "is_verified": false,
        "line_number": 5
      }
    ],
    "data/local/schemas/io.theficos.ereader.data.local.db.EReaderDatabase/3.json": [
      {
        "type": "Hex High Entropy String",
        "filename": "data/local/schemas/io.theficos.ereader.data.local.db.EReaderDatabase/3.json",
        "hashed_secret": "0ab92201aa0bc34808237cd86e807f68fa8ad5f8",
        "is_verified": false,
        "line_number": 5
      }
    ],
    "data/local/schemas/io.theficos.ereader.data.local.db.EReaderDatabase/4.json": [
      {
        "type": "Hex High Entropy String",
        "filename": "data/local/schemas/io.theficos.ereader.data.local.db.EReaderDatabase/4.json",
        "hashed_secret": "c82a9b27c456b4ddb0c70a72fd5a90332faa8136",
        "is_verified": false,
        "line_number": 5
      }
    ],
    "data/local/schemas/io.theficos.ereader.data.local.db.EReaderDatabase/5.json": [
      {
        "type": "Hex High Entropy String",
        "filename": "data/local/schemas/io.theficos.ereader.data.local.db.EReaderDatabase/5.json",
        "hashed_secret": "c51a35cb38362df0f3014ca701f91fd2d5a4eccc",
        "is_verified": false,
        "line_number": 5
      }
    ],
    "data/local/schemas/io.theficos.ereader.data.local.db.EReaderDatabase/6.json": [
      {
        "type": "Hex High Entropy String",
        "filename": "data/local/schemas/io.theficos.ereader.data.local.db.EReaderDatabase/6.json",
        "hashed_secret": "d2a0f13611ded05784e12b7b6af1feed1171e9e8",
        "is_verified": false,
        "line_number": 5
      }
    ],
    "data/local/schemas/io.theficos.ereader.data.local.db.EReaderDatabase/7.json": [
      {
        "type": "Hex High Entropy String",
        "filename": "data/local/schemas/io.theficos.ereader.data.local.db.EReaderDatabase/7.json",
        "hashed_secret": "5c985b5073c6c7503c8dfdbd3fa5f3cf07379b1a",
        "is_verified": false,
        "line_number": 5
      }
    ],
    "data/local/schemas/io.theficos.ereader.data.local.db.EReaderDatabase/8.json": [
      {
        "type": "Hex High Entropy String",
        "filename": "data/local/schemas/io.theficos.ereader.data.local.db.EReaderDatabase/8.json",
        "hashed_secret": "fe5e02ab8122e3d903198e5f6dbddd281982d742",
        "is_verified": false,
        "line_number": 5
      }
    ],
    "data/local/schemas/io.theficos.ereader.data.local.db.EReaderDatabase/9.json": [
      {
        "type": "Hex High Entropy String",
        "filename": "data/local/schemas/io.theficos.ereader.data.local.db.EReaderDatabase/9.json",
        "hashed_secret": "ba6b7a5c157e8b9d6dc7bb9a7a73f7d47717cac4",
        "is_verified": false,
        "line_number": 5
      }
    ],
    "data/opds/src/main/java/io/theficos/ereader/data/opds/ServerProbe.kt": [
      {
        "type": "Basic Auth Credentials",
        "filename": "data/opds/src/main/java/io/theficos/ereader/data/opds/ServerProbe.kt",
        "hashed_secret": "9d4e1e23bd5b727046a9e3b4b7db57bd8d6ee684",
        "is_verified": false,
        "line_number": 413
      }
    ],
    "data/opds/src/test/java/io/theficos/ereader/data/opds/AccountAuthInterceptorTest.kt": [
      {
        "type": "Secret Keyword",
        "filename": "data/opds/src/test/java/io/theficos/ereader/data/opds/AccountAuthInterceptorTest.kt",
        "hashed_secret": "fef341f85d87439e7d91a2d465b9871ef66b5e98",
        "is_verified": false,
        "line_number": 174
      },
      {
        "type": "Secret Keyword",
        "filename": "data/opds/src/test/java/io/theficos/ereader/data/opds/AccountAuthInterceptorTest.kt",
        "hashed_secret": "f3bbbd66a63d4bf1747940578ec3d0103530e21d",
        "is_verified": false,
        "line_number": 317
      }
    ],
    "data/opds/src/test/java/io/theficos/ereader/data/opds/UrlNormalizerTest.kt": [
      {
        "type": "Basic Auth Credentials",
        "filename": "data/opds/src/test/java/io/theficos/ereader/data/opds/UrlNormalizerTest.kt",
        "hashed_secret": "1a91d62f7ca67399625a4368a6ab5d4a3baa6073",
        "is_verified": false,
        "line_number": 111
      }
    ],
    "data/opds/src/test/java/io/theficos/ereader/data/opds/UrlRedactionTest.kt": [
      {
        "type": "Basic Auth Credentials",
        "filename": "data/opds/src/test/java/io/theficos/ereader/data/opds/UrlRedactionTest.kt",
        "hashed_secret": "f3bbbd66a63d4bf1747940578ec3d0103530e21d",
        "is_verified": false,
        "line_number": 35
      }
    ],
    "docs/development.md": [
      {
        "type": "Basic Auth Credentials",
        "filename": "docs/development.md",
        "hashed_secret": "afc848c316af1a89d49826c5ae9d00ed769415f3",
        "is_verified": false,
        "line_number": 117
      }
    ],
    "docs/sync-api.md": [
      {
        "type": "Hex High Entropy String",
        "filename": "docs/sync-api.md",
        "hashed_secret": "cb0cb287efd5879d5295028d6c29f1111334f3bb",
        "is_verified": false,
        "line_number": 983
      }
    ],
    "server/alembic.ini": [
      {
        "type": "Basic Auth Credentials",
        "filename": "server/alembic.ini",
        "hashed_secret": "afc848c316af1a89d49826c5ae9d00ed769415f3",
        "is_verified": false,
        "line_number": 3
      }
    ],
    "server/migrations/env.py": [
      {
        "type": "Basic Auth Credentials",
        "filename": "server/migrations/env.py",
        "hashed_secret": "afc848c316af1a89d49826c5ae9d00ed769415f3",
        "is_verified": false,
        "line_number": 35
      }
    ],
    "server/quire_server/config.py": [
      {
        "type": "Basic Auth Credentials",
        "filename": "server/quire_server/config.py",
        "hashed_secret": "afc848c316af1a89d49826c5ae9d00ed769415f3",
        "is_verified": false,
        "line_number": 33
      }
    ],
    "server/tests/integration/test_ai_auth_modes.py": [
      {
        "type": "Secret Keyword",
        "filename": "server/tests/integration/test_ai_auth_modes.py",
        "hashed_secret": "4e9a84bd5743c74aec9f4283319a7f6761ea4162",
        "is_verified": false,
        "line_number": 38
      },
      {
        "type": "Secret Keyword",
        "filename": "server/tests/integration/test_ai_auth_modes.py",
        "hashed_secret": "4f83feb1c2c227f6e08065f5aac4d48fbc4e1176",
        "is_verified": false,
        "line_number": 39
      }
    ],
    "server/tests/integration/test_auth_backend.py": [
      {
        "type": "Secret Keyword",
        "filename": "server/tests/integration/test_auth_backend.py",
        "hashed_secret": "fea5e316a6d58a3001d5255eeab2962d199a0d4a",
        "is_verified": false,
        "line_number": 82
      },
      {
        "type": "Secret Keyword",
        "filename": "server/tests/integration/test_auth_backend.py",
        "hashed_secret": "e52373526abf2695644e6625ea603ff7a171dab5",
        "is_verified": false,
        "line_number": 97
      },
      {
        "type": "Secret Keyword",
        "filename": "server/tests/integration/test_auth_backend.py",
        "hashed_secret": "220349f8124ba2e40d03794dddc9601d0f62d8db",
        "is_verified": false,
        "line_number": 122
      },
      {
        "type": "Secret Keyword",
        "filename": "server/tests/integration/test_auth_backend.py",
        "hashed_secret": "8867c88b56e0bfb82cffaf15a66bc8d107d6754a",
        "is_verified": false,
        "line_number": 125
      },
      {
        "type": "Secret Keyword",
        "filename": "server/tests/integration/test_auth_backend.py",
        "hashed_secret": "792c5d769a23f50680f455a80106268c3e4757de",
        "is_verified": false,
        "line_number": 129
      },
      {
        "type": "Secret Keyword",
        "filename": "server/tests/integration/test_auth_backend.py",
        "hashed_secret": "cf84be901d8b6ea8fd2d43316c02f589aae7f986",
        "is_verified": false,
        "line_number": 166
      },
      {
        "type": "Secret Keyword",
        "filename": "server/tests/integration/test_auth_backend.py",
        "hashed_secret": "16548876037c2dbe725166c9c31eef681f8aaa6e",
        "is_verified": false,
        "line_number": 194
      },
      {
        "type": "Secret Keyword",
        "filename": "server/tests/integration/test_auth_backend.py",
        "hashed_secret": "249d193a48c7fcbfacb4be096871a0eddd00e9ff",
        "is_verified": false,
        "line_number": 210
      },
      {
        "type": "Secret Keyword",
        "filename": "server/tests/integration/test_auth_backend.py",
        "hashed_secret": "0975f3ad371d76d577ea13cd8bce43dc07e95887",
        "is_verified": false,
        "line_number": 264
      },
      {
        "type": "Secret Keyword",
        "filename": "server/tests/integration/test_auth_backend.py",
        "hashed_secret": "e50942d6673d69b02862a00c02bb66c9ee3001ee",
        "is_verified": false,
        "line_number": 323
      },
      {
        "type": "Secret Keyword",
        "filename": "server/tests/integration/test_auth_backend.py",
        "hashed_secret": "68aa823e7a58d7e29f0587480044d5b3a07ec75f",
        "is_verified": false,
        "line_number": 327
      }
    ],
    "server/tests/unit/test_ai_client.py": [
      {
        "type": "Secret Keyword",
        "filename": "server/tests/unit/test_ai_client.py",
        "hashed_secret": "d17f1ab3e20d30ec8e0ec98bc91e03091f0573e1",
        "is_verified": false,
        "line_number": 115
      }
    ]
  },
  "generated_at": "2026-09-25T10:22:40Z"
}
